mode: set
github.com/braincreator/flowlink/internal/integration/billing_autoscale.go:65.27,66.19 1 1
github.com/braincreator/flowlink/internal/integration/billing_autoscale.go:66.19,68.3 1 1
github.com/braincreator/flowlink/internal/integration/billing_autoscale.go:69.2,77.3 1 1
github.com/braincreator/flowlink/internal/integration/billing_autoscale.go:86.114,101.16 6 1
github.com/braincreator/flowlink/internal/integration/billing_autoscale.go:101.16,104.3 2 0
github.com/braincreator/flowlink/internal/integration/billing_autoscale.go:107.2,107.21 1 1
github.com/braincreator/flowlink/internal/integration/billing_autoscale.go:107.21,108.70 1 1
github.com/braincreator/flowlink/internal/integration/billing_autoscale.go:108.70,111.4 1 0
github.com/braincreator/flowlink/internal/integration/billing_autoscale.go:115.2,115.21 1 1
github.com/braincreator/flowlink/internal/integration/billing_autoscale.go:115.21,116.63 1 1
github.com/braincreator/flowlink/internal/integration/billing_autoscale.go:116.63,118.4 1 0
github.com/braincreator/flowlink/internal/integration/billing_autoscale.go:122.2,122.23 1 1
github.com/braincreator/flowlink/internal/integration/billing_autoscale.go:122.23,123.112 1 1
github.com/braincreator/flowlink/internal/integration/billing_autoscale.go:123.112,125.4 1 0
github.com/braincreator/flowlink/internal/integration/billing_autoscale.go:128.2,135.12 2 1
github.com/braincreator/flowlink/internal/integration/billing_autoscale.go:143.114,150.21 4 0
github.com/braincreator/flowlink/internal/integration/billing_autoscale.go:150.21,152.17 2 0
github.com/braincreator/flowlink/internal/integration/billing_autoscale.go:152.17,155.64 2 0
github.com/braincreator/flowlink/internal/integration/billing_autoscale.go:155.64,157.5 1 0
github.com/braincreator/flowlink/internal/integration/billing_autoscale.go:158.9,160.4 1 0
github.com/braincreator/flowlink/internal/integration/billing_autoscale.go:164.2,168.12 3 0
github.com/braincreator/flowlink/internal/integration/billing_autoscale.go:178.116,185.21 4 1
github.com/braincreator/flowlink/internal/integration/billing_autoscale.go:185.21,186.72 1 1
github.com/braincreator/flowlink/internal/integration/billing_autoscale.go:186.72,188.4 1 0
github.com/braincreator/flowlink/internal/integration/billing_autoscale.go:192.2,192.21 1 1
github.com/braincreator/flowlink/internal/integration/billing_autoscale.go:192.21,193.65 1 1
github.com/braincreator/flowlink/internal/integration/billing_autoscale.go:193.65,195.4 1 0
github.com/braincreator/flowlink/internal/integration/billing_autoscale.go:199.2,199.26 1 1
github.com/braincreator/flowlink/internal/integration/billing_autoscale.go:199.26,200.72 1 1
github.com/braincreator/flowlink/internal/integration/billing_autoscale.go:200.72,202.4 1 0
github.com/braincreator/flowlink/internal/integration/billing_autoscale.go:206.2,206.23 1 1
github.com/braincreator/flowlink/internal/integration/billing_autoscale.go:206.23,214.53 2 1
github.com/braincreator/flowlink/internal/integration/billing_autoscale.go:214.53,216.4 1 0
github.com/braincreator/flowlink/internal/integration/billing_autoscale.go:220.2,224.12 3 1
github.com/braincreator/flowlink/internal/integration/billing_autoscale.go:233.108,244.23 6 1
github.com/braincreator/flowlink/internal/integration/billing_autoscale.go:244.23,245.103 1 1
github.com/braincreator/flowlink/internal/integration/billing_autoscale.go:245.103,247.4 1 0
github.com/braincreator/flowlink/internal/integration/billing_autoscale.go:250.2,256.12 2 1
github.com/braincreator/flowlink/internal/integration/billing_autoscale.go:264.124,276.26 4 0
github.com/braincreator/flowlink/internal/integration/billing_autoscale.go:276.26,279.3 1 0
github.com/braincreator/flowlink/internal/integration/billing_autoscale.go:282.2,282.23 1 0
github.com/braincreator/flowlink/internal/integration/billing_autoscale.go:282.23,290.53 2 0
github.com/braincreator/flowlink/internal/integration/billing_autoscale.go:290.53,292.4 1 0
github.com/braincreator/flowlink/internal/integration/billing_autoscale.go:295.2,297.12 2 0
github.com/braincreator/flowlink/internal/integration/billing_autoscale.go:305.126,317.26 4 0
github.com/braincreator/flowlink/internal/integration/billing_autoscale.go:317.26,319.3 1 0
github.com/braincreator/flowlink/internal/integration/billing_autoscale.go:322.2,322.23 1 0
github.com/braincreator/flowlink/internal/integration/billing_autoscale.go:322.23,330.53 2 0
github.com/braincreator/flowlink/internal/integration/billing_autoscale.go:330.53,332.4 1 0
github.com/braincreator/flowlink/internal/integration/billing_autoscale.go:335.2,337.12 2 0
github.com/braincreator/flowlink/internal/integration/billing_autoscale.go:342.79,349.49 5 1
github.com/braincreator/flowlink/internal/integration/billing_autoscale.go:349.49,350.24 1 0
github.com/braincreator/flowlink/internal/integration/billing_autoscale.go:350.24,352.4 1 0
github.com/braincreator/flowlink/internal/integration/billing_autoscale.go:355.2,355.37 1 1
github.com/braincreator/flowlink/internal/integration/billing_autoscale.go:355.37,358.10 2 0
github.com/braincreator/flowlink/internal/integration/billing_autoscale.go:358.10,360.12 2 0
github.com/braincreator/flowlink/internal/integration/billing_autoscale.go:363.3,366.70 2 0
github.com/braincreator/flowlink/internal/integration/billing_autoscale.go:366.70,368.12 2 0
github.com/braincreator/flowlink/internal/integration/billing_autoscale.go:372.3,372.65 1 0
github.com/braincreator/flowlink/internal/integration/billing_autoscale.go:372.65,374.4 1 0
github.com/braincreator/flowlink/internal/integration/billing_autoscale.go:377.2,377.12 1 1
github.com/braincreator/flowlink/internal/integration/manager.go:53.139,54.19 1 1
github.com/braincreator/flowlink/internal/integration/manager.go:54.19,56.3 1 1
github.com/braincreator/flowlink/internal/integration/manager.go:59.2,59.28 1 1
github.com/braincreator/flowlink/internal/integration/manager.go:59.28,61.3 1 1
github.com/braincreator/flowlink/internal/integration/manager.go:62.2,62.23 1 1
github.com/braincreator/flowlink/internal/integration/manager.go:62.23,64.3 1 1
github.com/braincreator/flowlink/internal/integration/manager.go:65.2,65.23 1 1
github.com/braincreator/flowlink/internal/integration/manager.go:65.23,67.3 1 0
github.com/braincreator/flowlink/internal/integration/manager.go:68.2,68.21 1 1
github.com/braincreator/flowlink/internal/integration/manager.go:68.21,70.3 1 1
github.com/braincreator/flowlink/internal/integration/manager.go:73.2,73.55 1 1
github.com/braincreator/flowlink/internal/integration/manager.go:73.55,75.3 1 0
github.com/braincreator/flowlink/internal/integration/manager.go:78.2,131.17 8 1
github.com/braincreator/flowlink/internal/integration/manager.go:135.68,139.2 3 0
github.com/braincreator/flowlink/internal/integration/manager.go:142.68,146.2 3 0
github.com/braincreator/flowlink/internal/integration/manager.go:150.63,166.2 9 1
github.com/braincreator/flowlink/internal/integration/manager.go:169.62,180.12 6 1
github.com/braincreator/flowlink/internal/integration/manager.go:180.12,183.3 2 1
github.com/braincreator/flowlink/internal/integration/manager.go:185.2,185.9 1 1
github.com/braincreator/flowlink/internal/integration/manager.go:186.14,188.13 2 1
github.com/braincreator/flowlink/internal/integration/manager.go:189.20,191.19 2 0
github.com/braincreator/flowlink/internal/integration/manager.go:200.65,203.2 2 1
github.com/braincreator/flowlink/internal/integration/manager.go:206.51,212.6 4 1
github.com/braincreator/flowlink/internal/integration/manager.go:212.6,213.10 1 1
github.com/braincreator/flowlink/internal/integration/manager.go:214.23,215.10 1 1
github.com/braincreator/flowlink/internal/integration/manager.go:216.19,217.60 1 0
github.com/braincreator/flowlink/internal/integration/manager.go:217.60,219.5 1 0
github.com/braincreator/flowlink/internal/integration/manager.go:225.46,231.6 4 1
github.com/braincreator/flowlink/internal/integration/manager.go:231.6,232.10 1 1
github.com/braincreator/flowlink/internal/integration/manager.go:233.23,234.10 1 1
github.com/braincreator/flowlink/internal/integration/manager.go:235.19,236.29 1 0
github.com/braincreator/flowlink/internal/integration/manager.go:242.54,244.16 2 0
github.com/braincreator/flowlink/internal/integration/manager.go:244.16,247.3 2 0
github.com/braincreator/flowlink/internal/integration/manager.go:249.2,249.33 1 0
github.com/braincreator/flowlink/internal/integration/manager.go:249.33,250.33 1 0
github.com/braincreator/flowlink/internal/integration/manager.go:250.33,251.12 1 0
github.com/braincreator/flowlink/internal/integration/manager.go:255.3,259.17 4 0
github.com/braincreator/flowlink/internal/integration/manager.go:259.17,261.12 2 0
github.com/braincreator/flowlink/internal/integration/manager.go:264.3,268.53 4 0
github.com/braincreator/flowlink/internal/integration/manager.go:268.53,276.25 2 0
github.com/braincreator/flowlink/internal/integration/manager.go:276.25,284.5 2 0
github.com/braincreator/flowlink/internal/integration/manager.go:287.4,287.19 1 0
github.com/braincreator/flowlink/internal/integration/manager.go:287.19,289.5 1 0
github.com/braincreator/flowlink/internal/integration/manager.go:295.48,305.36 7 0
github.com/braincreator/flowlink/internal/integration/manager.go:305.36,307.3 1 0
github.com/braincreator/flowlink/internal/integration/manager.go:311.64,315.28 3 1
github.com/braincreator/flowlink/internal/integration/manager.go:315.28,316.28 1 0
github.com/braincreator/flowlink/internal/integration/manager.go:316.28,318.4 1 0
github.com/braincreator/flowlink/internal/integration/manager.go:321.2,327.3 1 1
github.com/braincreator/flowlink/internal/integration/manager.go:331.122,333.2 1 1
github.com/braincreator/flowlink/internal/integration/manager.go:336.94,338.2 1 1
github.com/braincreator/flowlink/internal/integration/manager.go:341.116,351.2 2 1
github.com/braincreator/flowlink/internal/integration/notifier.go:51.126,52.19 1 1
github.com/braincreator/flowlink/internal/integration/notifier.go:52.19,54.3 1 1
github.com/braincreator/flowlink/internal/integration/notifier.go:55.2,55.17 1 1
github.com/braincreator/flowlink/internal/integration/notifier.go:55.17,57.3 1 1
github.com/braincreator/flowlink/internal/integration/notifier.go:58.2,66.3 1 1
github.com/braincreator/flowlink/internal/integration/notifier.go:71.73,80.50 2 1
github.com/braincreator/flowlink/internal/integration/notifier.go:80.50,81.52 1 0
github.com/braincreator/flowlink/internal/integration/notifier.go:81.52,84.4 1 0
github.com/braincreator/flowlink/internal/integration/notifier.go:84.9,86.4 1 0
github.com/braincreator/flowlink/internal/integration/notifier.go:90.2,90.43 1 1
github.com/braincreator/flowlink/internal/integration/notifier.go:90.43,91.49 1 0
github.com/braincreator/flowlink/internal/integration/notifier.go:91.49,94.4 2 0
github.com/braincreator/flowlink/internal/integration/notifier.go:95.3,95.13 1 0
github.com/braincreator/flowlink/internal/integration/notifier.go:98.2,98.52 1 1
github.com/braincreator/flowlink/internal/integration/notifier.go:102.127,116.2 3 0
github.com/braincreator/flowlink/internal/integration/notifier.go:119.119,132.2 3 0
github.com/braincreator/flowlink/internal/integration/notifier.go:135.81,144.16 3 0
github.com/braincreator/flowlink/internal/integration/notifier.go:144.16,146.3 1 0
github.com/braincreator/flowlink/internal/integration/notifier.go:148.2,151.16 3 0
github.com/braincreator/flowlink/internal/integration/notifier.go:151.16,153.3 1 0
github.com/braincreator/flowlink/internal/integration/notifier.go:155.2,159.16 4 0
github.com/braincreator/flowlink/internal/integration/notifier.go:159.16,161.3 1 0
github.com/braincreator/flowlink/internal/integration/notifier.go:162.2,164.38 2 0
github.com/braincreator/flowlink/internal/integration/notifier.go:164.38,170.3 3 0
github.com/braincreator/flowlink/internal/integration/notifier.go:172.2,174.12 2 0
github.com/braincreator/flowlink/internal/integration/notifier.go:178.78,199.83 8 0
github.com/braincreator/flowlink/internal/integration/notifier.go:199.83,201.3 1 0
github.com/braincreator/flowlink/internal/integration/notifier.go:203.2,205.12 2 0
github.com/braincreator/flowlink/internal/integration/notifier.go:209.39,220.6 3 1
github.com/braincreator/flowlink/internal/integration/notifier.go:220.6,222.18 2 1
github.com/braincreator/flowlink/internal/integration/notifier.go:222.18,223.9 1 1
github.com/braincreator/flowlink/internal/integration/notifier.go:225.3,226.16 2 1
github.com/braincreator/flowlink/internal/integration/notifier.go:226.16,227.9 1 0
github.com/braincreator/flowlink/internal/integration/notifier.go:229.3,232.90 3 1
github.com/braincreator/flowlink/internal/integration/notifier.go:236.2,241.13 3 1
github.com/braincreator/flowlink/internal/integration/notifier.go:245.60,248.29 3 1
github.com/braincreator/flowlink/internal/integration/notifier.go:248.29,250.23 2 1
github.com/braincreator/flowlink/internal/integration/notifier.go:250.23,251.16 1 1
github.com/braincreator/flowlink/internal/integration/notifier.go:251.16,253.5 1 1
github.com/braincreator/flowlink/internal/integration/notifier.go:253.10,255.5 1 1
github.com/braincreator/flowlink/internal/integration/notifier.go:258.2,258.15 1 1
github.com/braincreator/flowlink/internal/integration/notifier.go:262.47,266.17 4 1
github.com/braincreator/flowlink/internal/integration/notifier.go:266.17,267.59 1 1
github.com/braincreator/flowlink/internal/integration/notifier.go:267.59,271.4 3 1
github.com/braincreator/flowlink/internal/integration/notifier.go:271.9,274.4 2 1
github.com/braincreator/flowlink/internal/integration/notifier.go:276.2,277.15 2 1
github.com/braincreator/flowlink/internal/integration/notifier.go:281.41,283.2 1 1
github.com/braincreator/flowlink/internal/integration/notifier.go:285.56,286.46 1 1
github.com/braincreator/flowlink/internal/integration/notifier.go:286.46,287.33 1 1
github.com/braincreator/flowlink/internal/integration/notifier.go:287.33,289.31 1 1
github.com/braincreator/flowlink/internal/integration/notifier.go:289.31,290.13 1 0
github.com/braincreator/flowlink/internal/integration/notifier.go:292.4,292.12 1 1
github.com/braincreator/flowlink/internal/integration/notifier.go:295.2,295.11 1 1
github.com/braincreator/flowlink/internal/integration/notifier.go:299.34,306.2 6 1
github.com/braincreator/flowlink/internal/integration/notifier.go:309.39,311.22 2 1
github.com/braincreator/flowlink/internal/integration/notifier.go:311.22,312.16 1 1
github.com/braincreator/flowlink/internal/integration/notifier.go:312.16,314.4 1 1
github.com/braincreator/flowlink/internal/integration/notifier.go:314.9,316.4 1 1
github.com/braincreator/flowlink/internal/integration/notifier.go:318.2,318.15 1 1
github.com/braincreator/flowlink/internal/integration/notifier.go:322.42,323.14 1 1
github.com/braincreator/flowlink/internal/integration/notifier.go:323.14,325.3 1 1
github.com/braincreator/flowlink/internal/integration/notifier.go:327.2,327.18 1 1
github.com/braincreator/flowlink/internal/integration/notifier.go:327.18,329.24 1 1
github.com/braincreator/flowlink/internal/integration/notifier.go:329.24,330.26 1 1
github.com/braincreator/flowlink/internal/integration/notifier.go:330.26,332.5 1 1
github.com/braincreator/flowlink/internal/integration/notifier.go:335.2,335.12 1 1
github.com/braincreator/flowlink/internal/integration/notifier.go:339.40,340.17 1 1
github.com/braincreator/flowlink/internal/integration/notifier.go:340.17,342.3 1 1
github.com/braincreator/flowlink/internal/integration/notifier.go:343.2,343.52 1 1
github.com/braincreator/flowlink/internal/integration/notifier.go:343.52,345.3 1 1
github.com/braincreator/flowlink/internal/integration/notifier.go:346.2,346.12 1 1
github.com/braincreator/flowlink/internal/integration/notifier.go:349.38,350.43 1 1
github.com/braincreator/flowlink/internal/integration/notifier.go:350.43,351.35 1 1
github.com/braincreator/flowlink/internal/integration/notifier.go:351.35,353.4 1 1
github.com/braincreator/flowlink/internal/integration/notifier.go:355.2,355.14 1 1
github.com/braincreator/flowlink/internal/integration/notifier.go:359.33,361.2 1 1
github.com/braincreator/flowlink/internal/integration/provisioner.go:69.114,70.19 1 1
github.com/braincreator/flowlink/internal/integration/provisioner.go:70.19,72.3 1 1
github.com/braincreator/flowlink/internal/integration/provisioner.go:73.2,73.21 1 1
github.com/braincreator/flowlink/internal/integration/provisioner.go:73.21,75.3 1 1
github.com/braincreator/flowlink/internal/integration/provisioner.go:76.2,76.19 1 1
github.com/braincreator/flowlink/internal/integration/provisioner.go:76.19,78.3 1 1
github.com/braincreator/flowlink/internal/integration/provisioner.go:79.2,79.21 1 1
github.com/braincreator/flowlink/internal/integration/provisioner.go:79.21,81.3 1 1
github.com/braincreator/flowlink/internal/integration/provisioner.go:82.2,82.19 1 1
github.com/braincreator/flowlink/internal/integration/provisioner.go:82.19,84.3 1 1
github.com/braincreator/flowlink/internal/integration/provisioner.go:87.2,97.3 3 1
github.com/braincreator/flowlink/internal/integration/provisioner.go:109.109,119.16 6 1
github.com/braincreator/flowlink/internal/integration/provisioner.go:119.16,121.3 1 0
github.com/braincreator/flowlink/internal/integration/provisioner.go:123.2,124.16 2 1
github.com/braincreator/flowlink/internal/integration/provisioner.go:124.16,126.3 1 0
github.com/braincreator/flowlink/internal/integration/provisioner.go:129.2,133.59 4 1
github.com/braincreator/flowlink/internal/integration/provisioner.go:133.59,135.3 1 0
github.com/braincreator/flowlink/internal/integration/provisioner.go:136.2,136.57 1 1
github.com/braincreator/flowlink/internal/integration/provisioner.go:136.57,138.3 1 0
github.com/braincreator/flowlink/internal/integration/provisioner.go:139.2,139.54 1 1
github.com/braincreator/flowlink/internal/integration/provisioner.go:139.54,141.3 1 0
github.com/braincreator/flowlink/internal/integration/provisioner.go:144.2,145.25 2 1
github.com/braincreator/flowlink/internal/integration/provisioner.go:145.25,147.3 1 0
github.com/braincreator/flowlink/internal/integration/provisioner.go:150.2,151.16 2 1
github.com/braincreator/flowlink/internal/integration/provisioner.go:151.16,153.3 1 1
github.com/braincreator/flowlink/internal/integration/provisioner.go:156.2,156.59 1 0
github.com/braincreator/flowlink/internal/integration/provisioner.go:156.59,158.3 1 0
github.com/braincreator/flowlink/internal/integration/provisioner.go:161.2,162.72 2 0
github.com/braincreator/flowlink/internal/integration/provisioner.go:162.72,167.3 4 0
github.com/braincreator/flowlink/internal/integration/provisioner.go:170.2,206.8 7 0
github.com/braincreator/flowlink/internal/integration/provisioner.go:216.81,224.9 5 1
github.com/braincreator/flowlink/internal/integration/provisioner.go:224.9,226.3 1 1
github.com/braincreator/flowlink/internal/integration/provisioner.go:229.2,229.81 1 0
github.com/braincreator/flowlink/internal/integration/provisioner.go:229.81,232.3 1 0
github.com/braincreator/flowlink/internal/integration/provisioner.go:235.2,235.67 1 0
github.com/braincreator/flowlink/internal/integration/provisioner.go:235.67,238.3 1 0
github.com/braincreator/flowlink/internal/integration/provisioner.go:241.2,243.50 3 0
github.com/braincreator/flowlink/internal/integration/provisioner.go:243.50,244.62 1 0
github.com/braincreator/flowlink/internal/integration/provisioner.go:244.62,246.4 1 0
github.com/braincreator/flowlink/internal/integration/provisioner.go:250.2,254.12 3 0
github.com/braincreator/flowlink/internal/integration/provisioner.go:258.111,263.9 4 0
github.com/braincreator/flowlink/internal/integration/provisioner.go:263.9,265.3 1 0
github.com/braincreator/flowlink/internal/integration/provisioner.go:269.2,277.16 3 0
github.com/braincreator/flowlink/internal/integration/provisioner.go:277.16,279.3 1 0
github.com/braincreator/flowlink/internal/integration/provisioner.go:281.2,282.16 2 0
github.com/braincreator/flowlink/internal/integration/provisioner.go:282.16,284.3 1 0
github.com/braincreator/flowlink/internal/integration/provisioner.go:285.2,287.38 2 0
github.com/braincreator/flowlink/internal/integration/provisioner.go:287.38,290.3 2 0
github.com/braincreator/flowlink/internal/integration/provisioner.go:292.2,294.12 2 0
github.com/braincreator/flowlink/internal/integration/provisioner.go:298.76,303.35 4 1
github.com/braincreator/flowlink/internal/integration/provisioner.go:303.35,305.3 1 1
github.com/braincreator/flowlink/internal/integration/provisioner.go:306.2,306.20 1 1
github.com/braincreator/flowlink/internal/integration/provisioner.go:312.155,342.16 3 1
github.com/braincreator/flowlink/internal/integration/provisioner.go:342.16,344.3 1 0
github.com/braincreator/flowlink/internal/integration/provisioner.go:346.2,347.16 2 1
github.com/braincreator/flowlink/internal/integration/provisioner.go:347.16,349.3 1 1
github.com/braincreator/flowlink/internal/integration/provisioner.go:350.2,352.43 2 1
github.com/braincreator/flowlink/internal/integration/provisioner.go:352.43,355.3 2 1
github.com/braincreator/flowlink/internal/integration/provisioner.go:357.2,360.67 2 0
github.com/braincreator/flowlink/internal/integration/provisioner.go:360.67,362.3 1 0
github.com/braincreator/flowlink/internal/integration/provisioner.go:364.2,364.23 1 0
github.com/braincreator/flowlink/internal/integration/provisioner.go:368.85,370.16 2 0
github.com/braincreator/flowlink/internal/integration/provisioner.go:370.16,372.3 1 0
github.com/braincreator/flowlink/internal/integration/provisioner.go:373.2,375.90 2 0
github.com/braincreator/flowlink/internal/integration/provisioner.go:375.90,378.3 2 0
github.com/braincreator/flowlink/internal/integration/provisioner.go:380.2,380.12 1 0
github.com/braincreator/flowlink/internal/integration/provisioner.go:384.107,388.16 3 0
github.com/braincreator/flowlink/internal/integration/provisioner.go:388.16,390.3 1 0
github.com/braincreator/flowlink/internal/integration/provisioner.go:391.2,393.90 2 0
github.com/braincreator/flowlink/internal/integration/provisioner.go:393.90,396.3 2 0
github.com/braincreator/flowlink/internal/integration/provisioner.go:398.2,398.12 1 0
github.com/braincreator/flowlink/internal/integration/provisioner.go:402.86,406.16 3 0
github.com/braincreator/flowlink/internal/integration/provisioner.go:406.16,408.3 1 0
github.com/braincreator/flowlink/internal/integration/provisioner.go:409.2,411.45 2 0
github.com/braincreator/flowlink/internal/integration/provisioner.go:411.45,414.3 2 0
github.com/braincreator/flowlink/internal/integration/provisioner.go:416.2,416.12 1 0
github.com/braincreator/flowlink/internal/integration/provisioner.go:420.105,424.34 3 0
github.com/braincreator/flowlink/internal/integration/provisioner.go:424.34,426.17 2 0
github.com/braincreator/flowlink/internal/integration/provisioner.go:426.17,428.4 1 0
github.com/braincreator/flowlink/internal/integration/provisioner.go:430.3,431.17 2 0
github.com/braincreator/flowlink/internal/integration/provisioner.go:431.17,433.40 2 0
github.com/braincreator/flowlink/internal/integration/provisioner.go:433.40,435.5 1 0
github.com/braincreator/flowlink/internal/integration/provisioner.go:438.3,438.30 1 0
github.com/braincreator/flowlink/internal/integration/provisioner.go:441.2,441.43 1 0
github.com/braincreator/flowlink/internal/integration/provisioner.go:445.116,449.83 1 1
github.com/braincreator/flowlink/internal/integration/provisioner.go:449.83,451.5 1 1
github.com/braincreator/flowlink/internal/integration/provisioner.go:455.2,456.17 2 1
github.com/braincreator/flowlink/internal/integration/provisioner.go:456.17,458.3 1 1
github.com/braincreator/flowlink/internal/integration/provisioner.go:460.2,462.16 3 1
github.com/braincreator/flowlink/internal/integration/provisioner.go:462.16,464.3 1 0
github.com/braincreator/flowlink/internal/integration/provisioner.go:466.2,468.23 2 1
github.com/braincreator/flowlink/internal/integration/provisioner.go:472.49,473.35 1 1
github.com/braincreator/flowlink/internal/integration/provisioner.go:473.35,474.26 1 1
github.com/braincreator/flowlink/internal/integration/provisioner.go:474.26,476.4 1 1
github.com/braincreator/flowlink/internal/integration/provisioner.go:478.2,478.14 1 1
github.com/braincreator/flowlink/internal/integration/provisioner.go:484.53,486.44 2 1
github.com/braincreator/flowlink/internal/integration/provisioner.go:486.44,488.3 1 0
github.com/braincreator/flowlink/internal/integration/provisioner.go:489.2,489.39 1 1
github.com/braincreator/flowlink/internal/integration/provisioner.go:499.37,501.2 1 1
github.com/braincreator/flowlink/internal/integration/provisioner.go:504.52,505.26 1 1
github.com/braincreator/flowlink/internal/integration/provisioner.go:505.26,507.3 1 1
github.com/braincreator/flowlink/internal/integration/provisioner.go:508.2,510.15 3 1
github.com/braincreator/flowlink/internal/integration/webhook_handler.go:34.19,35.19 1 1
github.com/braincreator/flowlink/internal/integration/webhook_handler.go:35.19,37.3 1 0
github.com/braincreator/flowlink/internal/integration/webhook_handler.go:38.2,43.3 1 1
github.com/braincreator/flowlink/internal/integration/webhook_handler.go:66.80,71.16 3 1
github.com/braincreator/flowlink/internal/integration/webhook_handler.go:71.16,75.3 3 0
github.com/braincreator/flowlink/internal/integration/webhook_handler.go:76.2,80.41 3 1
github.com/braincreator/flowlink/internal/integration/webhook_handler.go:80.41,84.3 3 1
github.com/braincreator/flowlink/internal/integration/webhook_handler.go:87.2,88.55 2 1
github.com/braincreator/flowlink/internal/integration/webhook_handler.go:88.55,92.3 3 1
github.com/braincreator/flowlink/internal/integration/webhook_handler.go:94.2,101.23 2 1
github.com/braincreator/flowlink/internal/integration/webhook_handler.go:102.27,103.45 1 1
github.com/braincreator/flowlink/internal/integration/webhook_handler.go:104.24,105.42 1 0
github.com/braincreator/flowlink/internal/integration/webhook_handler.go:106.29,107.47 1 0
github.com/braincreator/flowlink/internal/integration/webhook_handler.go:108.26,109.44 1 0
github.com/braincreator/flowlink/internal/integration/webhook_handler.go:110.10,112.56 2 1
github.com/braincreator/flowlink/internal/integration/webhook_handler.go:117.124,120.9 2 1
github.com/braincreator/flowlink/internal/integration/webhook_handler.go:120.9,125.3 3 0
github.com/braincreator/flowlink/internal/integration/webhook_handler.go:128.2,128.69 1 1
github.com/braincreator/flowlink/internal/integration/webhook_handler.go:128.69,132.3 3 0
github.com/braincreator/flowlink/internal/integration/webhook_handler.go:134.2,135.62 2 1
github.com/braincreator/flowlink/internal/integration/webhook_handler.go:139.121,143.2 3 0
github.com/braincreator/flowlink/internal/integration/webhook_handler.go:146.126,149.17 2 0
github.com/braincreator/flowlink/internal/integration/webhook_handler.go:149.17,152.10 2 0
github.com/braincreator/flowlink/internal/integration/webhook_handler.go:152.10,156.4 3 0
github.com/braincreator/flowlink/internal/integration/webhook_handler.go:157.3,157.17 1 0
github.com/braincreator/flowlink/internal/integration/webhook_handler.go:160.2,161.9 2 0
github.com/braincreator/flowlink/internal/integration/webhook_handler.go:161.9,165.3 3 0
github.com/braincreator/flowlink/internal/integration/webhook_handler.go:168.2,168.69 1 0
github.com/braincreator/flowlink/internal/integration/webhook_handler.go:168.69,172.3 3 0
github.com/braincreator/flowlink/internal/integration/webhook_handler.go:174.2,175.62 2 0
github.com/braincreator/flowlink/internal/integration/webhook_handler.go:179.123,182.17 2 0
github.com/braincreator/flowlink/internal/integration/webhook_handler.go:182.17,184.10 2 0
github.com/braincreator/flowlink/internal/integration/webhook_handler.go:184.10,188.4 3 0
github.com/braincreator/flowlink/internal/integration/webhook_handler.go:189.3,189.17 1 0
github.com/braincreator/flowlink/internal/integration/webhook_handler.go:192.2,193.9 2 0
github.com/braincreator/flowlink/internal/integration/webhook_handler.go:193.9,197.3 3 0
github.com/braincreator/flowlink/internal/integration/webhook_handler.go:200.2,200.63 1 0
github.com/braincreator/flowlink/internal/integration/webhook_handler.go:200.63,204.3 3 0
github.com/braincreator/flowlink/internal/integration/webhook_handler.go:206.2,207.62 2 0
github.com/braincreator/flowlink/internal/integration/webhook_handler.go:211.78,212.20 1 1
github.com/braincreator/flowlink/internal/integration/webhook_handler.go:212.20,215.3 1 1
github.com/braincreator/flowlink/internal/integration/webhook_handler.go:217.2,221.59 4 1
github.com/braincreator/flowlink/internal/integration/webhook_handler.go:225.61,227.2 1 1
github.com/braincreator/flowlink/internal/integration/webhook_handler.go:236.110,237.19 1 1
github.com/braincreator/flowlink/internal/integration/webhook_handler.go:237.19,239.3 1 0
github.com/braincreator/flowlink/internal/integration/webhook_handler.go:240.2,243.3 1 1
github.com/braincreator/flowlink/internal/integration/webhook_handler.go:247.89,262.2 4 1
github.com/braincreator/flowlink/internal/integration/webhook_handler.go:265.92,274.61 3 1
github.com/braincreator/flowlink/internal/integration/webhook_handler.go:274.61,277.3 2 1
github.com/braincreator/flowlink/internal/integration/webhook_handler.go:279.2,286.16 3 0
github.com/braincreator/flowlink/internal/integration/webhook_handler.go:286.16,290.3 3 0
github.com/braincreator/flowlink/internal/integration/webhook_handler.go:292.2,294.35 3 0
github.com/braincreator/flowlink/internal/integration/webhook_handler.go:298.94,305.61 3 1
github.com/braincreator/flowlink/internal/integration/webhook_handler.go:305.61,308.3 2 1
github.com/braincreator/flowlink/internal/integration/webhook_handler.go:310.2,310.79 1 0
github.com/braincreator/flowlink/internal/integration/webhook_handler.go:310.79,314.3 3 0
github.com/braincreator/flowlink/internal/integration/webhook_handler.go:316.2,318.62 3 0
github.com/braincreator/flowlink/internal/integration/webhook_handler.go:322.71,326.2 3 1
github.com/braincreator/flowlink/internal/integration/webhook_handler.go:329.72,332.16 3 1
github.com/braincreator/flowlink/internal/integration/webhook_handler.go:332.16,334.3 1 0
github.com/braincreator/flowlink/internal/integration/webhook_handler.go:335.2,335.32 1 1
github.com/braincreator/flowlink/internal/integration/webhook_handler.go:335.32,337.3 1 1
github.com/braincreator/flowlink/internal/integration/webhook_handler.go:338.2,338.18 1 1
github.com/braincreator/flowlink/internal/integration/webhook_handler.go:342.44,344.2 1 1
